[Licensing::Module] Trying to connect to existing licensing client channel...
Built from '6000.3/staging' branch; Version is '6000.3.9f1 (7a9955a4f2fa) revision 8034645'; Using compiler version '194234433'; Build Type 'Release'
OS: 'Windows 11  (10.0.26100) Core' Language: 'da' Physical Memory: 7930 MB
BatchMode: 1, IsHumanControllingUs: 0, StartBugReporterOnCrash: 0, Is64bit: 1
System  architecture: x64
Process architecture: x64
Date: 2026-02-19T20:45:28Z
[Licensing::IpcConnector] Successfully connected to: "LicenseClient-senge" at "2026-02-19T20:45:28.1941671Z"

COMMAND LINE ARGUMENTS:
C:\Program Files\Unity\Hub\Editor\6000.3.9f1\Editor\Unity.exe
-adb2
-batchMode
-noUpm
-name
AssetImportWorker1
-projectPath
C:/Users/senge/Documents/Projekter/Surtr
-logFile
Logs/AssetImportWorker1.log
-srvPort
59372
-licensingIpc
LicenseClient-senge
-job-worker-count
5
-background-job-worker-count
8
-gc-helper-count
1
-name
AssetImport
Successfully changed project path to: C:/Users/senge/Documents/Projekter/Surtr
C:/Users/senge/Documents/Projekter/Surtr
[UnityMemory] Configuration Parameters - Can be set up in boot.config
    "memorysetup-temp-allocator-size-nav-mesh-worker=65536"
    "memorysetup-temp-allocator-size-audio-worker=65536"
    "memorysetup-temp-allocator-size-gfx=262144"
    "memorysetup-allocator-temp-initial-block-size-main=262144"
    "memorysetup-allocator-temp-initial-block-size-worker=262144"
    "memorysetup-temp-allocator-size-background-worker=32768"
    "memorysetup-temp-allocator-size-job-worker=262144"
    "memorysetup-temp-allocator-size-preload-manager=33554432"
    "memorysetup-temp-allocator-size-gi-baking-worker=262144"
    "memorysetup-temp-allocator-size-gi-baking-worker=262144"
    "memorysetup-temp-allocator-size-gi-baking-worker=262144"
    "memorysetup-temp-allocator-size-gi-baking-worker=262144"
    "memorysetup-temp-allocator-size-gi-baking-worker=262144"
    "memorysetup-bucket-allocator-granularity=16"
    "memorysetup-bucket-allocator-bucket-count=8"
    "memorysetup-bucket-allocator-block-size=33554432"
    "memorysetup-bucket-allocator-block-count=8"
    "memorysetup-main-allocator-block-size=16777216"
    "memorysetup-thread-allocator-block-size=16777216"
    "memorysetup-gfx-main-allocator-block-size=16777216"
    "memorysetup-gfx-thread-allocator-block-size=16777216"
    "memorysetup-cache-allocator-block-size=4194304"
    "memorysetup-typetree-allocator-block-size=2097152"
    "memorysetup-profiler-bucket-allocator-granularity=16"
    "memorysetup-profiler-bucket-allocator-bucket-count=8"
    "memorysetup-profiler-bucket-allocator-block-size=33554432"
    "memorysetup-profiler-bucket-allocator-block-count=8"
    "memorysetup-profiler-allocator-block-size=16777216"
    "memorysetup-profiler-editor-allocator-block-size=1048576"
    "memorysetup-temp-allocator-size-main=16777216"
    "memorysetup-job-temp-allocator-block-size=2097152"
    "memorysetup-job-temp-allocator-block-size-background=1048576"
    "memorysetup-job-temp-allocator-reduction-small-platforms=262144"
    "memorysetup-temp-allocator-size-cloud-worker=32768"
Player connection [10684]  Target information:

Player connection [10684]  * "[IP] 192.168.8.151 [Port] 0 [Flags] 2 [Guid] 895315154 [EditorId] 895315154 [Version] 1048832 [Id] WindowsEditor(7,SimonLaptop) [Debug] 1 [PackageName] WindowsEditor [ProjectName] Editor" 

Player connection [10684] Host joined multi-casting on [225.0.0.222:54997]...
Player connection [10684] Host joined alternative multi-casting on [225.0.0.222:34997]...
JobSystem: Creating JobQueue using job-worker-count value 5
Input System module state changed to: Initialized.
[Physics::Module] Initialized fallback backend.
[Physics::Module] Id: 0xdecafbad
Library Redirect Path: Library/
[Physics::Module] Selected backend.
[Physics::Module] Name: PhysX
[Physics::Module] Id: 0xf2b8ea05
[Physics::Module] SDK Version: 4.1.2
[Physics::Module] Integration Version: 1.0.0
[Physics::Module] Threading Mode: Multi-Threaded
Refreshing native plugins compatible for Editor in 0.00 ms, found 0 plugins.
Preloading 0 native plugins for Editor in 0.00 ms.
Initialize engine version: 6000.3.9f1 (7a9955a4f2fa)
[Subsystems] Discovering subsystems at path C:/Program Files/Unity/Hub/Editor/6000.3.9f1/Editor/Data/Resources/UnitySubsystems
[Subsystems] Discovering subsystems at path C:/Users/senge/Documents/Projekter/Surtr/Assets
GfxDevice: creating device client; kGfxThreadingModeNonThreaded
Direct3D:
    Version:  Direct3D 11.0 [level 11.1]
    Renderer: NVIDIA GeForce RTX 3050 Laptop GPU (ID=0x25a2)
    Vendor:   NVIDIA
    VRAM:     3964 MB
    Driver:   32.0.15.8157
Initialize mono
Mono path[0] = 'C:/Program Files/Unity/Hub/Editor/6000.3.9f1/Editor/Data/Managed'
Mono path[1] = 'C:/Program Files/Unity/Hub/Editor/6000.3.9f1/Editor/Data/MonoBleedingEdge/lib/mono/unityjit-win32'
Mono config path = 'C:/Program Files/Unity/Hub/Editor/6000.3.9f1/Editor/Data/MonoBleedingEdge/etc'
Using monoOptions --debugger-agent=transport=dt_socket,embedding=1,server=y,suspend=n,address=127.0.0.1:56204
Begin MonoManager ReloadAssembly
[Licensing::Client] Handshaking with LicensingClient:
  Version:                 1.17.4+4293ba1
  Session Id:              c9551728b6514abe86f1df4562b76582
  Correlation Id:          66adc2bfbf01ebb7d1b1a228435896bc
  External correlation Id: 5942018333036113930
  Machine Id:              UFT3eLbZHOANXUMtVnUG8ewYMgE=
[Licensing::Module] Successfully connected to LicensingClient on channel: "LicenseClient-senge" (connect: 0.00s, validation: 0.01s, handshake: 5.17s)
[Licensing::IpcConnector] Successfully connected to: "LicenseClient-senge-notifications" at "2026-02-19T20:45:33.37786Z"
[Licensing::Module] Licensing Background thread has ended after 5.19s
Registering precompiled unity dll's ...
Register platform support module: C:/Program Files/Unity/Hub/Editor/6000.3.9f1/Editor/Data/PlaybackEngines/WindowsStandaloneSupport/UnityEditor.WindowsStandalone.Extensions.dll
Registered in 0.017947 seconds.
- Loaded All Assemblies, in  0.889 seconds
Native extension for WindowsStandalone target not found
ScheduleIndexationOnStartup MainProcess:False IndexOnStartup:True
Mono: successfully reloaded assembly
- Finished resetting the current domain, in  0.528 seconds
Domain Reload Profiling: 1415ms
	BeginReloadAssembly (251ms)
		ExecutionOrderSort (0ms)
		DisableScriptedObjects (0ms)
		BackupInstance (0ms)
		ReleaseScriptingObjects (0ms)
		CreateAndSetChildDomain (1ms)
	RebuildCommonClasses (50ms)
	RebuildNativeTypeToScriptingClass (15ms)
	initialDomainReloadingComplete (222ms)
	LoadAllAssembliesAndSetupDomain (349ms)
		LoadAssemblies (246ms)
		RebuildTransferFunctionScriptingTraits (0ms)
		AnalyzeDomain (321ms)
			TypeCache.Refresh (316ms)
				TypeCache.ScanAssembly (273ms)
			BuildScriptInfoCaches (0ms)
			ResolveRequiredComponents (1ms)
	FinalizeReload (529ms)
		ReleaseScriptCaches (0ms)
		RebuildScriptCaches (0ms)
		SetupLoadedEditorAssemblies (481ms)
			LogAssemblyErrors (0ms)
			InitializePlatformSupportModulesInManaged (77ms)
			SetLoadedEditorAssemblies (5ms)
			BeforeProcessingInitializeOnLoad (105ms)
			ProcessInitializeOnLoadAttributes (190ms)
			ProcessInitializeOnLoadMethodAttributes (103ms)
			AfterProcessingInitializeOnLoad (0ms)
			EditorAssembliesLoaded (0ms)
		ExecutionOrderSort2 (0ms)
		AwakeInstancesAfterBackupRestoration (0ms)
========================================================================
Worker process is ready to serve import requests
Import Worker Mode flag is 0x00
Begin MonoManager ReloadAssembly
[Licensing::Client] Successfully resolved entitlement details
[Licensing::Module] License group:
  Id: SC-9QAV-EWX4-5J8B-DVWH-XXXX
  Product: Unity Pro
  Type: ULF
  Expiration: 2027-12-25T00:00:00Z
- Loaded All Assemblies, in  0.820 seconds
OnLevelWasLoaded was found on SoundManager
This message has been deprecated and will be removed in a later version of Unity.
Add a delegate to SceneManager.sceneLoaded instead to get notifications after scene loading has completed
OnLevelWasLoaded was found on DemoPart1
This message has been deprecated and will be removed in a later version of Unity.
Add a delegate to SceneManager.sceneLoaded instead to get notifications after scene loading has completed
Refreshing native plugins compatible for Editor in 0.00 ms, found 0 plugins.
OnLevelWasLoaded was found on SoundManager
This message has been deprecated and will be removed in a later version of Unity.
Add a delegate to SceneManager.sceneLoaded instead to get notifications after scene loading has completed
OnLevelWasLoaded was found on DemoPart1
This message has been deprecated and will be removed in a later version of Unity.
Add a delegate to SceneManager.sceneLoaded instead to get notifications after scene loading has completed
Native extension for WindowsStandalone target not found
Up and running
UnityEngine.Debug:ExtractStackTraceNoAlloc (byte*,int,string)
UnityEngine.StackTraceUtility:ExtractStackTrace ()
UnityEngine.DebugLogHandler:Internal_Log (UnityEngine.LogType,UnityEngine.LogOption,string,UnityEngine.Object)
UnityEngine.DebugLogHandler:LogFormat (UnityEngine.LogType,UnityEngine.Object,string,object[])
UnityEngine.Logger:Log (UnityEngine.LogType,object)
UnityEngine.Debug:Log (object)
ActionDoerEditor:.cctor () (at Assets/Editor/ActionDoerEditor.cs:38)
System.Runtime.CompilerServices.RuntimeHelpers:RunClassConstructor (System.RuntimeTypeHandle)
UnityEditor.EditorAssemblies:ProcessInitializeOnLoadAttributes (System.Type[])

(Filename: Assets/Editor/ActionDoerEditor.cs Line: 38)

ScheduleIndexationOnStartup MainProcess:False IndexOnStartup:True
Mono: successfully reloaded assembly
- Finished resetting the current domain, in  0.580 seconds
Domain Reload Profiling: 1396ms
	BeginReloadAssembly (253ms)
		ExecutionOrderSort (0ms)
		DisableScriptedObjects (8ms)
		BackupInstance (0ms)
		ReleaseScriptingObjects (0ms)
		CreateAndSetChildDomain (47ms)
	RebuildCommonClasses (47ms)
	RebuildNativeTypeToScriptingClass (15ms)
	initialDomainReloadingComplete (38ms)
	LoadAllAssembliesAndSetupDomain (463ms)
		LoadAssemblies (440ms)
		RebuildTransferFunctionScriptingTraits (0ms)
		AnalyzeDomain (163ms)
			TypeCache.Refresh (102ms)
				TypeCache.ScanAssembly (89ms)
			BuildScriptInfoCaches (48ms)
			ResolveRequiredComponents (9ms)
	FinalizeReload (580ms)
		ReleaseScriptCaches (0ms)
		RebuildScriptCaches (0ms)
		SetupLoadedEditorAssemblies (441ms)
			LogAssemblyErrors (0ms)
			InitializePlatformSupportModulesInManaged (2ms)
			SetLoadedEditorAssemblies (4ms)
			BeforeProcessingInitializeOnLoad (141ms)
			ProcessInitializeOnLoadAttributes (208ms)
			ProcessInitializeOnLoadMethodAttributes (81ms)
			AfterProcessingInitializeOnLoad (4ms)
			EditorAssembliesLoaded (0ms)
		ExecutionOrderSort2 (0ms)
		AwakeInstancesAfterBackupRestoration (9ms)
WARNING: Shader Unsupported: 'Hidden/Universal Render Pipeline/Terrain/Lit (Base Pass)' - All subshaders removed
WARNING: Shader Did you use #pragma only_renderers and omit this platform?
WARNING: Shader If subshaders removal was intentional, you may have forgotten turning Fallback off?
WARNING: Shader Unsupported: 'Hidden/Universal Render Pipeline/Terrain/Lit (Base Pass)' - All subshaders removed
WARNING: Shader Did you use #pragma only_renderers and omit this platform?
WARNING: Shader If subshaders removal was intentional, you may have forgotten turning Fallback off?
WARNING: Shader Unsupported: 'Universal Render Pipeline/Terrain/Lit' - All subshaders removed
WARNING: Shader Did you use #pragma only_renderers and omit this platform?
WARNING: Shader If subshaders removal was intentional, you may have forgotten turning Fallback off?
WARNING: Shader Unsupported: 'Universal Render Pipeline/Terrain/Lit' - All subshaders removed
WARNING: Shader Did you use #pragma only_renderers and omit this platform?
WARNING: Shader If subshaders removal was intentional, you may have forgotten turning Fallback off?
Launched and connected shader compiler UnityShaderCompiler.exe after 0.03 seconds
Refreshing native plugins compatible for Editor in 0.00 ms, found 0 plugins.
Preloading 0 native plugins for Editor in 0.00 ms.
Unloading 47 Unused Serialized files (Serialized files now loaded: 0)
Unloading 3320 unused Assets / (8.2 MB). Loaded Objects now: 4048.
Memory consumption went from 133.6 MB to 125.4 MB.
Total: 36.186600 ms (FindLiveObjects: 2.895500 ms CreateObjectMapping: 1.879300 ms MarkObjects: 17.481900 ms  DeleteObjects: 13.922000 ms)

========================================================================
Received Import Request.
  Time since last request: 63632.642319 seconds.
  path: Assets
  artifactKey: Guid(00000000000000001000000000000000) Importer(815301076,1909f56bfc062723c751e8b465ee728b)
Start importing Assets using Guid(00000000000000001000000000000000) Importer(815301076,1909f56bfc062723c751e8b465ee728b) (PreviewImporter) -> (artifact id: 'c391582d739b6e62a5220f35cbb167ac') in 0.0236509 seconds
Number of updated asset objects reloaded before import = 0Number of asset objects unloaded after import = 0

========================================================================
Received Import Request.
  Time since last request: 0.000048 seconds.
  path: Assets/DefaultVolumeProfile.asset
  artifactKey: Guid(ffa23475cf0054342af31813971cd379) Importer(2089858483,b0f066a214c2f5e87bad3c948f4d605d)
Start importing Assets/DefaultVolumeProfile.asset using Guid(ffa23475cf0054342af31813971cd379) Importer(2089858483,b0f066a214c2f5e87bad3c948f4d605d) (ScriptedImporter) -> (artifact id: '80b9a27749738966c2988ae9b4556737') in 0.2593346 seconds
Number of updated asset objects reloaded before import = 0Number of asset objects unloaded after import = 1

========================================================================
Received Import Request.
  Time since last request: 114.648005 seconds.
  path: Assets/New Universal Render Pipeline Asset.asset
  artifactKey: Guid(9b734f5d3f53fb54f82d45f86b852fde) Importer(2089858483,b0f066a214c2f5e87bad3c948f4d605d)
Start importing Assets/New Universal Render Pipeline Asset.asset using Guid(9b734f5d3f53fb54f82d45f86b852fde) Importer(2089858483,b0f066a214c2f5e87bad3c948f4d605d) (ScriptedImporter) -> (artifact id: '46b77c1bc13be29f3dc5901c25f98aa7') in 0.3960896 seconds
Number of updated asset objects reloaded before import = 0Number of asset objects unloaded after import = 50

========================================================================
Received Prepare
WARNING: Shader Unsupported: 'Hidden/Universal Render Pipeline/Terrain/Lit (Base Pass)' - All subshaders removed
WARNING: Shader Did you use #pragma only_renderers and omit this platform?
WARNING: Shader If subshaders removal was intentional, you may have forgotten turning Fallback off?
WARNING: Shader Unsupported: 'Hidden/Universal Render Pipeline/Terrain/Lit (Base Pass)' - All subshaders removed
WARNING: Shader Did you use #pragma only_renderers and omit this platform?
WARNING: Shader If subshaders removal was intentional, you may have forgotten turning Fallback off?
WARNING: Shader Unsupported: 'Universal Render Pipeline/Terrain/Lit' - All subshaders removed
WARNING: Shader Did you use #pragma only_renderers and omit this platform?
WARNING: Shader If subshaders removal was intentional, you may have forgotten turning Fallback off?
WARNING: Shader Unsupported: 'Universal Render Pipeline/Terrain/Lit' - All subshaders removed
WARNING: Shader Did you use #pragma only_renderers and omit this platform?
WARNING: Shader If subshaders removal was intentional, you may have forgotten turning Fallback off?
Refreshing native plugins compatible for Editor in 0.00 ms, found 0 plugins.
Preloading 0 native plugins for Editor in 0.00 ms.
Unloading 126 Unused Serialized files (Serialized files now loaded: 0)
Unloading 18 unused Assets / (1.8 MB). Loaded Objects now: 4180.
Memory consumption went from 146.2 MB to 144.4 MB.
Total: 384.583700 ms (FindLiveObjects: 3.968100 ms CreateObjectMapping: 0.565300 ms MarkObjects: 373.353200 ms  DeleteObjects: 6.684900 ms)

Prepare: number of updated asset objects reloaded= 0
========================================================================
Received Prepare
Refreshing native plugins compatible for Editor in 0.00 ms, found 0 plugins.
Preloading 0 native plugins for Editor in 0.00 ms.
Unloading 18 Unused Serialized files (Serialized files now loaded: 0)
Unloading 18 unused Assets / (1.8 MB). Loaded Objects now: 4180.
Memory consumption went from 136.4 MB to 134.6 MB.
Total: 15.149600 ms (FindLiveObjects: 0.634700 ms CreateObjectMapping: 0.413500 ms MarkObjects: 12.932900 ms  DeleteObjects: 1.165500 ms)

Prepare: number of updated asset objects reloaded= 0
========================================================================
Received Import Request.
  Time since last request: 301.637460 seconds.
  path: Assets/Prefabs/EnableSnowFeet.prefab
  artifactKey: Guid(1b14effc5e357f943bbc67e45aa8459d) Importer(2089858483,e11c23a36db5f54750b8cd40eac0985b)
Start importing Assets/Prefabs/EnableSnowFeet.prefab using Guid(1b14effc5e357f943bbc67e45aa8459d) Importer(2089858483,e11c23a36db5f54750b8cd40eac0985b) (ScriptedImporter) -> (artifact id: '7a2ec6c5dc9bf4e8450038c411fad7c7') in 0.9667315 seconds
Number of updated asset objects reloaded before import = 1Number of asset objects unloaded after import = 7

========================================================================
Received Import Request.
  Time since last request: 0.000287 seconds.
  path: Assets/Prefabs/UI Root.prefab
  artifactKey: Guid(1238897bfe810cc47b5ae1629972e1a7) Importer(2089858483,e11c23a36db5f54750b8cd40eac0985b)
Start importing Assets/Prefabs/UI Root.prefab using Guid(1238897bfe810cc47b5ae1629972e1a7) Importer(2089858483,e11c23a36db5f54750b8cd40eac0985b) (ScriptedImporter) -> (artifact id: 'f6f7c039561e1fa8e99a66e339d89dc8') in 0.163746 seconds
Number of updated asset objects reloaded before import = 0Number of asset objects unloaded after import = 24

========================================================================
Received Import Request.
  Time since last request: 0.000133 seconds.
  path: Assets/Prefabs/Cave/runestoneArchNoTrigger.prefab
  artifactKey: Guid(c094ea05f65f69e448c1126edc83f02a) Importer(2089858483,e11c23a36db5f54750b8cd40eac0985b)
Start importing Assets/Prefabs/Cave/runestoneArchNoTrigger.prefab using Guid(c094ea05f65f69e448c1126edc83f02a) Importer(2089858483,e11c23a36db5f54750b8cd40eac0985b) (ScriptedImporter) -> (artifact id: '9acee090d8d305131fdc65781e787e1d') in 0.1293755 seconds
Number of updated asset objects reloaded before import = 0Number of asset objects unloaded after import = 38

========================================================================
Received Import Request.
  Time since last request: 0.000080 seconds.
  path: Assets/Prefabs/Cave/runestoneBeamLined02.prefab
  artifactKey: Guid(60e7b94261f046d40a99ed5a13015b1a) Importer(2089858483,e11c23a36db5f54750b8cd40eac0985b)
Start importing Assets/Prefabs/Cave/runestoneBeamLined02.prefab using Guid(60e7b94261f046d40a99ed5a13015b1a) Importer(2089858483,e11c23a36db5f54750b8cd40eac0985b) (ScriptedImporter) -> (artifact id: '19bf2758e2a3e1e542a3965f98f08988') in 0.1210402 seconds
Number of updated asset objects reloaded before import = 0Number of asset objects unloaded after import = 60

========================================================================
Received Import Request.
  Time since last request: 0.000036 seconds.
  path: Assets/Prefabs/Spirit.prefab
  artifactKey: Guid(4832b982b8b730e428324f7c5a036daa) Importer(2089858483,e11c23a36db5f54750b8cd40eac0985b)
Start importing Assets/Prefabs/Spirit.prefab using Guid(4832b982b8b730e428324f7c5a036daa) Importer(2089858483,e11c23a36db5f54750b8cd40eac0985b) (ScriptedImporter) -> (artifact id: 'c760e6d10bba95b12f486a053426edc5') in 0.7376535 seconds
Number of updated asset objects reloaded before import = 0Number of asset objects unloaded after import = 902

========================================================================
Received Import Request.
  Time since last request: 0.000062 seconds.
  path: Assets/Prefabs/Interaction/InteractCircle.prefab
  artifactKey: Guid(dfc5feac5f033a640970e43ef9eb0adb) Importer(2089858483,e11c23a36db5f54750b8cd40eac0985b)
Start importing Assets/Prefabs/Interaction/InteractCircle.prefab using Guid(dfc5feac5f033a640970e43ef9eb0adb) Importer(2089858483,e11c23a36db5f54750b8cd40eac0985b) (ScriptedImporter) -> (artifact id: '19216ca71c6ffe6806e2e56345ba6c72') in 0.0812427 seconds
Number of updated asset objects reloaded before import = 0Number of asset objects unloaded after import = 17

========================================================================
Received Import Request.
  Time since last request: 0.000037 seconds.
  path: Assets/Prefabs/Cave/runestoneLift.prefab
  artifactKey: Guid(5e5b14d3392b02142b956e510e2e571c) Importer(2089858483,e11c23a36db5f54750b8cd40eac0985b)
Start importing Assets/Prefabs/Cave/runestoneLift.prefab using Guid(5e5b14d3392b02142b956e510e2e571c) Importer(2089858483,e11c23a36db5f54750b8cd40eac0985b) (ScriptedImporter) -> (artifact id: '0d3637a8e438f95e3f4cece4023ddeee') in 0.076179 seconds
Number of updated asset objects reloaded before import = 0Number of asset objects unloaded after import = 36

========================================================================
Received Import Request.
  Time since last request: 0.000042 seconds.
  path: Assets/Prefabs/Interaction/InteractCircleX.prefab
  artifactKey: Guid(da2e473d8b575bd41affb7c52a99e1b8) Importer(2089858483,e11c23a36db5f54750b8cd40eac0985b)
Start importing Assets/Prefabs/Interaction/InteractCircleX.prefab using Guid(da2e473d8b575bd41affb7c52a99e1b8) Importer(2089858483,e11c23a36db5f54750b8cd40eac0985b) (ScriptedImporter) -> (artifact id: '39908cf819681107fed8ebd50ba8cb12') in 0.0809536 seconds
Number of updated asset objects reloaded before import = 0Number of asset objects unloaded after import = 23

========================================================================
Received Import Request.
  Time since last request: 0.000057 seconds.
  path: Assets/Prefabs/Boat/smallBeam.prefab
  artifactKey: Guid(4ddbd3a359d0b3f42ab5d4a587998938) Importer(2089858483,e11c23a36db5f54750b8cd40eac0985b)
Start importing Assets/Prefabs/Boat/smallBeam.prefab using Guid(4ddbd3a359d0b3f42ab5d4a587998938) Importer(2089858483,e11c23a36db5f54750b8cd40eac0985b) (ScriptedImporter) -> (artifact id: '7e45074044e33eb303701db397b4f988') in 0.0568083 seconds
Number of updated asset objects reloaded before import = 0Number of asset objects unloaded after import = 8

========================================================================
Received Import Request.
  Time since last request: 0.000045 seconds.
  path: Assets/Prefabs/Background/Particles/ForCave/snowParticlesSmall 2.prefab
  artifactKey: Guid(e37b278bb2ea61d4a8e0415a2f974203) Importer(2089858483,e11c23a36db5f54750b8cd40eac0985b)
Start importing Assets/Prefabs/Background/Particles/ForCave/snowParticlesSmall 2.prefab using Guid(e37b278bb2ea61d4a8e0415a2f974203) Importer(2089858483,e11c23a36db5f54750b8cd40eac0985b) (ScriptedImporter) -> (artifact id: '0200023e21dd16b876a90581cfe70fc1') in 0.2274607 seconds
Number of updated asset objects reloaded before import = 0Number of asset objects unloaded after import = 7

========================================================================
Received Import Request.
  Time since last request: 0.000042 seconds.
  path: Assets/Prefabs/Background/Trees/bigTree01.prefab
  artifactKey: Guid(a440b423dec3cdb419bac44027ae2258) Importer(2089858483,e11c23a36db5f54750b8cd40eac0985b)
Start importing Assets/Prefabs/Background/Trees/bigTree01.prefab using Guid(a440b423dec3cdb419bac44027ae2258) Importer(2089858483,e11c23a36db5f54750b8cd40eac0985b) (ScriptedImporter) -> (artifact id: '41e24377813e0063efbf3836b9a50130') in 0.078144 seconds
Number of updated asset objects reloaded before import = 0Number of asset objects unloaded after import = 9

========================================================================
Received Import Request.
  Time since last request: 0.000188 seconds.
  path: Assets/Prefabs/Boat/midBeam01.prefab
  artifactKey: Guid(d4e262bb6fcfd2e4dac848dac9e1aa66) Importer(2089858483,e11c23a36db5f54750b8cd40eac0985b)
Start importing Assets/Prefabs/Boat/midBeam01.prefab using Guid(d4e262bb6fcfd2e4dac848dac9e1aa66) Importer(2089858483,e11c23a36db5f54750b8cd40eac0985b) (ScriptedImporter) -> (artifact id: '0ea5adf858ac34b44833f3988dee038c') in 0.1015288 seconds
Number of updated asset objects reloaded before import = 0Number of asset objects unloaded after import = 8

========================================================================
Received Import Request.
  Time since last request: 0.000100 seconds.
  path: Assets/SoundManagerPro/Demo/DemoObjects/ExplosionParticleSFX.prefab
  artifactKey: Guid(f38cc5817b8e6a9418d69e24458ae355) Importer(2089858483,e11c23a36db5f54750b8cd40eac0985b)
Start importing Assets/SoundManagerPro/Demo/DemoObjects/ExplosionParticleSFX.prefab using Guid(f38cc5817b8e6a9418d69e24458ae355) Importer(2089858483,e11c23a36db5f54750b8cd40eac0985b) (ScriptedImporter) -> (artifact id: 'ee2e362d3caa8cb322e432bacaee1f9c') in 0.06588 seconds
Number of updated asset objects reloaded before import = 0Number of asset objects unloaded after import = 6

========================================================================
Received Import Request.
  Time since last request: 0.000036 seconds.
  path: Assets/Scenes/test_convert.unity
  artifactKey: Guid(74d6ee492fc2e074b9a86e13bb1743cc) Importer(2089858483,e11c23a36db5f54750b8cd40eac0985b)
Start importing Assets/Scenes/test_convert.unity using Guid(74d6ee492fc2e074b9a86e13bb1743cc) Importer(2089858483,e11c23a36db5f54750b8cd40eac0985b) (ScriptedImporter)Opening scene 'Assets/Scenes/test_convert.unity additively'
Creating missing ActionHandler component for Move in cloud_01.
UnityEngine.Debug:ExtractStackTraceNoAlloc (byte*,int,string)
UnityEngine.StackTraceUtility:ExtractStackTrace ()
UnityEditor.SceneManagement.EditorSceneManager:OpenScene (string,UnityEditor.SceneManagement.OpenSceneMode)
UnityEditor.Search.AssetIndexer:IndexScene (string,bool)
UnityEditor.Search.AssetIndexer:IndexSceneDocument (string,bool)
UnityEditor.Search.AssetIndexer:IndexDocument (string,bool)
UnityEditor.Search.SearchIndexArtifactImporter:OnImportAsset (UnityEditor.AssetImporters.AssetImportContext)
UnityEditor.AssetImporters.ScriptedImporter:GenerateAssetData (UnityEditor.AssetImporters.AssetImportContext)

[C:\build\output\unity\unity\Runtime\Misc\GameObjectUtility.cpp line 1017]

Loaded scene 'Assets/Scenes/test_convert.unity'
	Deserialize:            48.272 ms
	Integration:            361.901 ms
	Integration of assets:  0.041 ms
	Thread Wait Time:       1.132 ms
	Total Operation Time:   411.346 ms
 -> (artifact id: 'dd411f22ec62c78d5d97d777f0b28485') in 2.2716061 seconds
Number of updated asset objects reloaded before import = 0Number of asset objects unloaded after import = 1549

========================================================================
Received Import Request.
  Time since last request: 0.000055 seconds.
  path: Assets/Prefabs/SpiritParticles.prefab
  artifactKey: Guid(4ee81c1833fb9024a9fdc5064f569514) Importer(2089858483,e11c23a36db5f54750b8cd40eac0985b)
Start importing Assets/Prefabs/SpiritParticles.prefab using Guid(4ee81c1833fb9024a9fdc5064f569514) Importer(2089858483,e11c23a36db5f54750b8cd40eac0985b) (ScriptedImporter) -> (artifact id: 'abe6041e9da3cbe734d00c62c218db71') in 0.0715189 seconds
Number of updated asset objects reloaded before import = 0Number of asset objects unloaded after import = 6

========================================================================
Received Import Request.
  Time since last request: 0.002682 seconds.
  path: Assets/Prefabs/Cave/runestoneArchTop.prefab
  artifactKey: Guid(5ba168d473c364a4f957ad5e4c793d7e) Importer(2089858483,e11c23a36db5f54750b8cd40eac0985b)
Start importing Assets/Prefabs/Cave/runestoneArchTop.prefab using Guid(5ba168d473c364a4f957ad5e4c793d7e) Importer(2089858483,e11c23a36db5f54750b8cd40eac0985b) (ScriptedImporter) -> (artifact id: '2617ba89964c57df99ddfbd5683a47ba') in 0.079489 seconds
Number of updated asset objects reloaded before import = 0Number of asset objects unloaded after import = 53

========================================================================
Received Import Request.
  Time since last request: 0.000056 seconds.
  path: Assets/Prefabs/Background/Particles/ForHouse/snowParticlesSmall.prefab
  artifactKey: Guid(5df0ee6d1dcab97429642f97755e57c5) Importer(2089858483,e11c23a36db5f54750b8cd40eac0985b)
Start importing Assets/Prefabs/Background/Particles/ForHouse/snowParticlesSmall.prefab using Guid(5df0ee6d1dcab97429642f97755e57c5) Importer(2089858483,e11c23a36db5f54750b8cd40eac0985b) (ScriptedImporter) -> (artifact id: '381ce80872039c39d22c08939d0b2efc') in 0.0582404 seconds
Number of updated asset objects reloaded before import = 0Number of asset objects unloaded after import = 7

========================================================================
Received Import Request.
  Time since last request: 0.000098 seconds.
  path: Assets/Prefabs/Interaction/runestoneTeleport01.prefab
  artifactKey: Guid(992538c3d166e9a4f9ad98232f9a837e) Importer(2089858483,e11c23a36db5f54750b8cd40eac0985b)
Start importing Assets/Prefabs/Interaction/runestoneTeleport01.prefab using Guid(992538c3d166e9a4f9ad98232f9a837e) Importer(2089858483,e11c23a36db5f54750b8cd40eac0985b) (ScriptedImporter) -> (artifact id: 'e07d5ef7bb726183bfaf08a17c781e17') in 0.112811 seconds
Number of updated asset objects reloaded before import = 0Number of asset objects unloaded after import = 24

========================================================================
Received Import Request.
  Time since last request: 0.000048 seconds.
  path: Assets/Scenes/Cave.unity
  artifactKey: Guid(57509d1a8529fc04f9c588cf7aa8bab7) Importer(2089858483,e11c23a36db5f54750b8cd40eac0985b)
Start importing Assets/Scenes/Cave.unity using Guid(57509d1a8529fc04f9c588cf7aa8bab7) Importer(2089858483,e11c23a36db5f54750b8cd40eac0985b) (ScriptedImporter)Opening scene 'Assets/Scenes/Cave.unity additively'
Slope Limit must be smaller than 90 degrees.
UnityEngine.Debug:ExtractStackTraceNoAlloc (byte*,int,string)
UnityEngine.StackTraceUtility:ExtractStackTrace ()
UnityEditor.SceneManagement.EditorSceneManager:OpenScene (string,UnityEditor.SceneManagement.OpenSceneMode)
UnityEditor.Search.AssetIndexer:IndexScene (string,bool)
UnityEditor.Search.AssetIndexer:IndexSceneDocument (string,bool)
UnityEditor.Search.AssetIndexer:IndexDocument (string,bool)
UnityEditor.Search.SearchIndexArtifactImporter:OnImportAsset (UnityEditor.AssetImporters.AssetImportContext)
UnityEditor.AssetImporters.ScriptedImporter:GenerateAssetData (UnityEditor.AssetImporters.AssetImportContext)

[C:\build\output\unity\unity\Modules\Physics\CharacterController.cpp line 551]

Slope Limit must be smaller than 90 degrees.
UnityEngine.Debug:ExtractStackTraceNoAlloc (byte*,int,string)
UnityEngine.StackTraceUtility:ExtractStackTrace ()
UnityEditor.SceneManagement.EditorSceneManager:OpenScene (string,UnityEditor.SceneManagement.OpenSceneMode)
UnityEditor.Search.AssetIndexer:IndexScene (string,bool)
UnityEditor.Search.AssetIndexer:IndexSceneDocument (string,bool)
UnityEditor.Search.AssetIndexer:IndexDocument (string,bool)
UnityEditor.Search.SearchIndexArtifactImporter:OnImportAsset (UnityEditor.AssetImporters.AssetImportContext)
UnityEditor.AssetImporters.ScriptedImporter:GenerateAssetData (UnityEditor.AssetImporters.AssetImportContext)

[C:\build\output\unity\unity\Modules\Physics\CharacterController.cpp line 551]

Loaded scene 'Assets/Scenes/Cave.unity'
	Deserialize:            125.155 ms
	Integration:            698.959 ms
	Integration of assets:  0.157 ms
	Thread Wait Time:       -0.125 ms
	Total Operation Time:   824.146 ms
 -> (artifact id: 'ae5d4b47ee7b270d0895849ac8d3debf') in 4.620769 seconds
Number of updated asset objects reloaded before import = 0Number of asset objects unloaded after import = 2319

